** Drc report for desk-sm-pcb.kicad_pcb **
** Created on 2026-09-22T11:42:31 **
** Report includes: Errors, Warnings **

** Found 36 DRC violations **
[silk_over_copper]: Silkscreen clipped by solder mask
    Local override; warning
    @(164.5000 mm, 130.0000 mm): Reference field of MH1
    @(164.5000 mm, 130.0000 mm): NPTH pad of MH1
[silk_over_copper]: Silkscreen clipped by solder mask
    Local override; warning
    @(130.5000 mm, 129.0000 mm): Reference field of MH2
    @(130.5000 mm, 129.0000 mm): NPTH pad of MH2
[silk_over_copper]: Silkscreen clipped by solder mask
    Local override; warning
    @(130.5000 mm, 84.5000 mm): Reference field of MH4
    @(130.5000 mm, 84.5000 mm): NPTH pad of MH4
[silk_over_copper]: Silkscreen clipped by solder mask
    Local override; warning
    @(164.5000 mm, 84.5000 mm): Reference field of MH3
    @(164.5000 mm, 84.5000 mm): NPTH pad of MH3
[silk_overlap]: Silkscreen clearance
    Rule: board setup constraints silk; warning
    @(127.1760 mm, 97.4920 mm): Reference field of U1
    @(127.4750 mm, 106.2550 mm): Segment of U1 on B.Silkscreen
[silk_over_copper]: Silkscreen clipped by solder mask
    Local override; warning
    @(146.5250 mm, 90.3800 mm): Segment of U1 on B.Silkscreen
    @(135.4720 mm, 91.2150 mm): Pad 3 [TFT_DC] of U1 on B.Cu
[silk_over_copper]: Silkscreen clipped by solder mask
    Local override; warning
    @(146.5250 mm, 90.3800 mm): Segment of U1 on B.Silkscreen
    @(138.0120 mm, 91.2150 mm): Pad 4 [TFT_RST] of U1 on B.Cu
[silk_over_copper]: Silkscreen clipped by solder mask
    Local override; warning
    @(146.5250 mm, 90.3800 mm): Segment of U1 on B.Silkscreen
    @(140.5520 mm, 91.2150 mm): Pad 5 [KEY2] of U1 on B.Cu
[silk_over_copper]: Silkscreen clipped by solder mask
    Local override; warning
    @(146.5250 mm, 90.3800 mm): Segment of U1 on B.Silkscreen
    @(143.0920 mm, 91.2150 mm): Pad 6 [ENC_A] of U1 on B.Cu
[silk_over_copper]: Silkscreen clipped by solder mask
    Local override; warning
    @(146.5250 mm, 90.3800 mm): Segment of U1 on B.Silkscreen
    @(145.6320 mm, 91.2150 mm): Pad 7 [ENC_B] of U1 on B.Cu
[silk_over_copper]: Silkscreen clipped by solder mask
    Local override; warning
    @(146.5250 mm, 90.3800 mm): Segment of U1 on B.Silkscreen
    @(130.3920 mm, 91.2150 mm): Pad 1 [KEY1] of U1 on B.Cu
[silk_over_copper]: Silkscreen clipped by solder mask
    Local override; warning
    @(146.5250 mm, 90.3800 mm): Segment of U1 on B.Silkscreen
    @(132.9320 mm, 91.2150 mm): Pad 2 [TFT_CS] of U1 on B.Cu
[silk_over_copper]: Silkscreen clipped by solder mask
    Local override; warning
    @(146.5250 mm, 108.1600 mm): Segment of U1 on B.Silkscreen
    @(135.4720 mm, 107.3800 mm): Pad 12 [+3V3] of U1 on B.Cu
[silk_over_copper]: Silkscreen clipped by solder mask
    Local override; warning
    @(146.5250 mm, 108.1600 mm): Segment of U1 on B.Silkscreen
    @(132.9320 mm, 107.3800 mm): Pad 13 [GND] of U1 on B.Cu
[silk_over_copper]: Silkscreen clipped by solder mask
    Local override; warning
    @(146.5250 mm, 108.1600 mm): Segment of U1 on B.Silkscreen
    @(145.6320 mm, 107.3800 mm): Pad 8 [ENC_PUSH] of U1 on B.Cu
[silk_over_copper]: Silkscreen clipped by solder mask
    Local override; warning
    @(146.5250 mm, 108.1600 mm): Segment of U1 on B.Silkscreen
    @(143.0920 mm, 107.3800 mm): Pad 9 [SPI_SCK] of U1 on B.Cu
[silk_over_copper]: Silkscreen clipped by solder mask
    Local override; warning
    @(146.5250 mm, 108.1600 mm): Segment of U1 on B.Silkscreen
    @(140.5520 mm, 107.3800 mm): Pad 10 [<no net>] of U1 on B.Cu
[silk_over_copper]: Silkscreen clipped by solder mask
    Local override; warning
    @(146.5250 mm, 108.1600 mm): Segment of U1 on B.Silkscreen
    @(138.0120 mm, 107.3800 mm): Pad 11 [SPI_MOSI] of U1 on B.Cu
[silk_over_copper]: Silkscreen clipped by solder mask
    Local override; warning
    @(146.5250 mm, 108.1600 mm): Segment of U1 on B.Silkscreen
    @(130.3920 mm, 107.3800 mm): Pad 14 [<no net>] of U1 on B.Cu
[silk_over_copper]: Silkscreen clipped by solder mask
    Local override; warning
    @(129.3800 mm, 106.2550 mm): Arc of U1 on B.Silkscreen
    @(130.3920 mm, 107.3800 mm): Pad 14 [<no net>] of U1 on B.Cu
[silk_over_copper]: Silkscreen clipped by solder mask
    Local override; warning
    @(146.5250 mm, 92.2850 mm): Arc of U1 on B.Silkscreen
    @(145.6320 mm, 91.2150 mm): Pad 7 [ENC_B] of U1 on B.Cu
[silk_over_copper]: Silkscreen clipped by solder mask
    Local override; warning
    @(146.5250 mm, 106.2550 mm): Arc of U1 on B.Silkscreen
    @(145.6320 mm, 107.3800 mm): Pad 8 [ENC_PUSH] of U1 on B.Cu
[silk_over_copper]: Silkscreen clipped by solder mask
    Local override; warning
    @(129.3760 mm, 92.2850 mm): Arc of U1 on B.Silkscreen
    @(130.3920 mm, 91.2150 mm): Pad 1 [KEY1] of U1 on B.Cu
[text_height]: Text height out of range (board setup constraints silk text height min height 0.8000 mm; actual 0.7823 mm)
    Rule: board setup constraints silk text height; warning
    @(127.1760 mm, 97.4920 mm): Reference field of U1
[lib_footprint_issues]: Footprint 'MountingHole_2.2mm' not found in library 'MountingHole'
    Local override; warning
    @(130.5000 mm, 84.5000 mm): Footprint MH4
[lib_footprint_issues]: Footprint 'MountingHole_2.2mm' not found in library 'MountingHole'
    Local override; warning
    @(164.5000 mm, 130.0000 mm): Footprint MH1
[lib_footprint_issues]: Footprint 'MountingHole_2.2mm' not found in library 'MountingHole'
    Local override; warning
    @(130.5000 mm, 129.0000 mm): Footprint MH2
[lib_footprint_issues]: Footprint 'MountingHole_2.2mm' not found in library 'MountingHole'
    Local override; warning
    @(164.5000 mm, 84.5000 mm): Footprint MH3
[lib_footprint_mismatch]: Footprint 'XIAO-ESP32-S3-SMD' does not match copy in library 'XIAO_ESP32S3'
    Local override; warning
    @(148.5120 mm, 90.3800 mm): Footprint U1
[silk_edge_clearance]: Silkscreen clipped by board edge
    Rule: board setup constraints silk; warning
    @(127.5000 mm, 132.0000 mm): Segment on Edge.Cuts
    @(127.1760 mm, 97.4920 mm): Reference field of U1
[silk_edge_clearance]: Silkscreen clipped by board edge
    Rule: board setup constraints silk; warning
    @(127.5000 mm, 132.0000 mm): Segment on Edge.Cuts
    @(126.4650 mm, 103.7740 mm): Segment of U1 on B.Silkscreen
[silk_edge_clearance]: Silkscreen clipped by board edge
    Rule: board setup constraints silk; warning
    @(127.5000 mm, 132.0000 mm): Segment on Edge.Cuts
    @(127.4750 mm, 94.7750 mm): Segment of U1 on B.Silkscreen
[silk_edge_clearance]: Silkscreen clipped by board edge
    Rule: board setup constraints silk; warning
    @(127.5000 mm, 132.0000 mm): Segment on Edge.Cuts
    @(127.4750 mm, 106.2550 mm): Segment of U1 on B.Silkscreen
[silk_edge_clearance]: Silkscreen clipped by board edge
    Rule: board setup constraints silk; warning
    @(127.5000 mm, 132.0000 mm): Segment on Edge.Cuts
    @(129.3760 mm, 92.2850 mm): Arc of U1 on B.Silkscreen
[silk_edge_clearance]: Silkscreen clipped by board edge
    Rule: board setup constraints silk; warning
    @(127.5000 mm, 132.0000 mm): Segment on Edge.Cuts
    @(129.3800 mm, 106.2550 mm): Arc of U1 on B.Silkscreen
[silk_edge_clearance]: Silkscreen clipped by board edge
    Rule: board setup constraints silk; warning
    @(127.5000 mm, 132.0000 mm): Segment on Edge.Cuts
    @(127.8910 mm, 90.1700 mm): Circle of U1 on B.Silkscreen

** Found 1 unconnected pads **
[unconnected_items]: Missing connection between items
    Local override; error
    @(134.0000 mm, 85.5000 mm): Rectangle [+3V3] on F.Cu
    @(128.1000 mm, 90.9934 mm): Track [+3V3] on B.Cu, length 7.7688 mm

** Found 0 Footprint errors **

** Ignored checks **
    - Footprint has no courtyard defined
    - Track endpoint not centered on via
    - Tuning profile track geometries
    - Footprint doesn't match symbol's footprint filters
    - Footprint component type doesn't match footprint pads

** End of Report **
